
version: '3.9'
services:
  authentication-service:
    image: authentication_image
    container_name: authenticationContainer1
    build: ./
    restart: always
    networks:
      - mynetwork
    ports:
      - 8080:8080
    depends_on:
      - mysqlService


  mysqlService:
    image: mysql:latest
    container_name: mysqlContainer1
    networks:
      - mynetwork
    ports:
      - 3306:3306
    environment:
      MYSQL_ROOT_PASSWORD: root
      MYSQL_USERNAME: root
      MYSQL_PASSWORD: root
      MYSQL_ALLOW_EMPTY_PASSWORD: "yes"


networks:
  mynetwork:
    driver: bridge


spring.application.name=UserAuthenticate
server.port=8080
spring.datasource.url=jdbc:mysql://mysqlContainer1:3306/user?createDatabaseIfNotExist=true
spring.datasource.username=root
spring.datasource.password=root
spring.jpa.hibernate.ddl_auto=create
spring.jpa.show-sql=true
spring.jpa.properties.hibernate.dialect=org.hibernate.dialect.MySQL8Dialect



PS D:\SpringBoot\DOCKER COMPOSE\UserAuthentication demo by mam> docker-compose up --build




Microsoft Windows [Version 10.0.22621.819]
(c) Microsoft Corporation. All rights reserved.

C:\Users\mugal>docker exec -it mysqlContainer1 bash
bash-4.4# mysql -u root -p
Enter password:
Welcome to the MySQL monitor.  Commands end with ; or \g.
Your MySQL connection id is 18
Server version: 8.0.31 MySQL Community Server - GPL

Copyright (c) 2000, 2022, Oracle and/or its affiliates.

Oracle is a registered trademark of Oracle Corporation and/or its
affiliates. Other names may be trademarks of their respective
owners.

Type 'help;' or '\h' for help. Type '\c' to clear the current input statement.

mysql> use user
Reading table information for completion of table and column names
You can turn off this feature to get a quicker startup with -A

Database changed
mysql> select * from user;
ERROR 1146 (42S02): Table 'user.user' doesn't exist
mysql> select * from `user`;
ERROR 1146 (42S02): Table 'user.user' doesn't exist
mysql> select * from user;
ERROR 1146 (42S02): Table 'user.user' doesn't exist
mysql> select * from user.user_model;
+-------------------+-------------+
| email             | password    |
+-------------------+-------------+
| krishna@gmail.com | 44546634534 |
| vamshi@gmail.com  | 44546634534 |
+-------------------+-------------+
2 rows in set (0.01 sec)

mysql>